flutter : [36mWasm 
dry run succeeded.[39m
At line:1 char:1
+ flutter build web 
--no-tree-shake-icons 
2> build_errors.txt; 
Get-Cont ...
+ ~~~~~~~~~~~~~~~~~~~~~
~~~~~~~~~~~~~~~~~~~~~~~
~~~~~~~~~~~~~~~
    + CategoryInfo     
         : NotSpecifi  
  ed: ([36mWasm dry   
  run succeeded.[3    
9m:String) [], Rem    
oteException
    + FullyQualifiedEr 
   rorId : NativeComm  
  andError
 
[36mConsider building 
and[39m
[36mtesting your 
application[39m
[36mwith the `--wasm` 
flag.[39m
[36mSee docs for more 
info:[39m
[36mhttps://docs.flutt
er.dev[39m
[36m/platform-integrat
ion/we[39m
[36mb/wasm[39m
[36mUse 
--no-wasm-dry-run 
to[39m
[36mdisable these 
warnings.[39m
